// Jest Snapshot v1, https://goo.gl/fbAQLP

exports[`<LightSwitch> component should match snapshot 1`] = `
"<div>
  <WithStyles(ForwardRef(Switch)) checked={false} onChange={[Function: mockConstructor]} name=\\"power\\" inputProps={{...}} />
</div>"
`;
