// Jest Snapshot v1, https://goo.gl/fbAQLP

exports[`<App> component should match snapshot 1`] = `
"<div className=\\"container\\">
  <div className=\\"room\\">
    <Room name=\\"Test Room\\" />
  </div>
  <div className=\\"moreInfo\\">
    <a className=\\"link\\" href=\\"https://github.com/clintgeek/roomLightExcercise\\">
      github.com/clintgeek/roomLightExcercise
    </a>
  </div>
</div>"
`;
